<?xml version="1.0" encoding="UTF-8"?>
<testsuites name="Mocha Tests" time="0.005" tests="1" failures="1">
  <testsuite name="Root Suite" timestamp="2024-02-25T21:39:53" tests="0" time="0.000" failures="0">
  </testsuite>
  <testsuite name="App" timestamp="2024-02-25T21:39:53" tests="0" file="C:\Users\amira\challenge_amira_cgi\tests\app-test.js" time="0.000" failures="0">
  </testsuite>
  <testsuite name="myFunction" timestamp="2024-02-25T21:39:53" tests="1" file="C:\Users\amira\challenge_amira_cgi\tests\app-test.js" time="0.004" failures="1">
    <testcase name="App myFunction should return &quot;Hello World&quot;" time="0.000" classname="should return &quot;Hello World&quot;">
      <failure message="myFunction is not a function" type="TypeError"><![CDATA[TypeError: myFunction is not a function
    at Context.<anonymous> (tests\app-test.js:7:32)
    at process.processImmediate (node:internal/timers:476:21)]]></failure>
    </testcase>
  </testsuite>
</testsuites>